// Jest Snapshot v1, https://goo.gl/fbAQLP

exports[`Header Component Snapshot test Renders the UI as expected 1`] = `
<div>
  <h1>
    My Poll Data
  </h1>
</div>
`;
